// Jest Snapshot v1, https://goo.gl/fbAQLP

exports[`should renders an header component unchanged 1`] = `
<div>
  <header
    class="flex bg-orange-300 border-gray-200"
  >
    <div
      class="flex items-center px-2 py-2"
    >
      <img
        alt="E-commerce logo"
        class="mr-3"
        data-nimg="1"
        decoding="async"
        height="35"
        loading="lazy"
        src="/logo.svg"
        style="color: transparent;"
        width="35"
      />
      <span
        class="text-xl font-semibold"
      >
        E-commerce
      </span>
    </div>
  </header>
  <main>
    <h1
      class="text-3xl font-bold"
    >
      Home
    </h1>
  </main>
  <footer
    class="fixed bottom-0 w-full bg-gray-900 text-white py-6"
  >
    <div
      class="container mx-auto px-4"
    >
      <div
        class="flex items-center justify-between"
      >
        <div
          class="text-sm"
        >
          <p>
            Â© 2023 e-commerce
          </p>
        </div>
        <div
          class="flex flex-row sm:space-x-6"
        >
          <div>
            <h4>
              Policy
            </h4>
            <div
              class="flex flex-col"
            >
              <a
                class="text-white hover:text-gray-400"
                href="/privacy-policy"
              >
                Privacy Policy
              </a>
              <a
                class="text-white hover:text-gray-400"
                href="/terms-of-service"
              >
                Terms of Service
              </a>
              <a
                class="text-white hover:text-gray-400"
                href="/consumer-rights"
              >
                Consumer Rights
              </a>
            </div>
          </div>
          <div>
            <h4>
              Support
            </h4>
            <div
              class="flex flex-col"
            >
              <a
                class="text-white hover:text-gray-400"
                href="/contact-us"
              >
                Contact Us
              </a>
              <a
                class="text-white hover:text-gray-400"
                href="/forum"
              >
                Forum
              </a>
              <a
                class="text-white hover:text-gray-400"
                href="/common-questions"
              >
                Common questions
              </a>
            </div>
          </div>
          <div>
            <h4>
              Networks
            </h4>
            <div
              class="flex flex-col"
            >
              <a
                class="text-white hover:text-gray-400"
                href="/instagram/ecommerce"
                rel="noreferrer"
                target="_blank"
              >
                Instagram
              </a>
              <a
                class="text-white hover:text-gray-400"
                href="/twitter/ecommerce"
                rel="noreferrer"
                target="_blank"
              >
                Twitter
              </a>
              <a
                class="text-white hover:text-gray-400"
                href="/facebook/ecommerce"
                rel="noreferrer"
                target="_blank"
              >
                Facebook
              </a>
            </div>
          </div>
        </div>
      </div>
    </div>
  </footer>
</div>
`;
